// Jest Snapshot v1, https://goo.gl/fbAQLP

exports[`BaseAppLogo.vue should match snapshot 1`] = `
<div
  class="header"
>
  <img
    alt="Akaunting-logo"
    class="mb-3"
    src="https://app.akaunting.com/public/img/akaunting-logo-white.svg"
  />
</div>
`;
